C51 COMPILER V7.50   DISPATCH                                                              08/11/2014 20:56:26 PAGE 1   


C51 COMPILER V7.50, COMPILATION OF MODULE DISPATCH
OBJECT MODULE PLACED IN .\output\dispatch.obj
COMPILER INVOKED BY: C:\Keil\C51\BIN\C51.EXE source\dispatch.c LARGE BROWSE INCDIR(.\include\) DEBUG OBJECTEXTEND PRINT(
                    -.\listing\dispatch.lst) OBJECT(.\output\dispatch.obj)

line level    source

   1          #include <reg52.h>
   2          #include <parameter.h>
   3          #include <intrins.h>
   4          #include <dispatch.h>
   5          
   6          /*
   7          按启动按钮，
   8          气缸位置就绪， 送料气缸1启动，
   9          碰到2号感应器，打料气缸2启动。
  10          碰到4号感应器，夹紧气缸3启动。
  11          碰到6号感应器，打料气缸2关闭。
  12          碰到3号感应器，送料气缸1关闭。
  13          碰到1号感应器，进刀气缸4启动。
  14          碰到8号感应器，进刀气缸4关闭。
  15          碰到7号感应器，夹紧气缸3关闭。
  16          */
  17          
  18          unsigned int intervalTimerCount = 0;
  19          unsigned int cylinderAlarmCount = 0;
  20          
  21          unsigned char ManiDispatchSteps = 20;   // 1，1 3 5 7号感应器有效进入延迟
  22                                                                                          // 2，延迟时间到，送料气缸1启动
  23                                                                                          // 3，碰到2号感应器进入延迟
  24                                                                                          // 4，延迟intervalTimer1时间到，打料气缸2启动
  25                                                                                          // 5，碰到4号感应器进入延迟
  26                                                                                          // 6，延迟intervalTimer2时间到，夹紧气缸3启动
  27                                                                                          // 7，碰到6号感应器进入延迟
  28                                                                                          // 8，延迟intervalTimer3时间到，打料气缸2关闭
  29                                                                                          // 9，碰到3号感应器进入延迟
  30                                                                                          // 10，延迟intervalTimer4时间到，送料气缸1关闭
  31                                                                                          // 11，碰到1号感应器进入延迟
  32                                                                                          // 12，延迟intervalTimer5时间到，进刀气缸4启动
  33                                                                                          // 13，碰到8号感应器进入延迟
  34                                                                                          // 14，延迟intervalTimer6时间到，进刀气缸4关闭
  35                                                                                          // 15，碰到7号感应器进入延迟
  36                                                                                          // 16，延迟intervalTimer7时间到，夹紧气缸3关闭
  37                                                                                          // 20，空操作
  38          
  39          void ManiDispatch(void)
  40          {
  41   1              switch(ManiDispatchSteps)
  42   1              {
  43   2                      case 1:  // 1，1 3 5 7号感应器有效，送料气缸1启动
  44   2                              if(sensor1 == 1 && sensor3 == 1 && sensor5 == 1 && sensor7 == 1)
  45   2                              {
  46   3                                      intervalTimerCount = 0;
  47   3                                      ManiDispatchSteps ++;   
  48   3                              }
  49   2                              else if(cylinderAlarmCount > cylinderAlarm3)
  50   2                              {
  51   3                                      alarmMode = 1;
  52   3                                      cylinder3 = 2;
  53   3                                      systemAlarmOut = 0;
  54   3                                      refreshDisplay = 1;
C51 COMPILER V7.50   DISPATCH                                                              08/11/2014 20:56:26 PAGE 2   

  55   3                              }
  56   2                      break;
  57   2                      case 2:  // 2，延迟2s时间到，送料气缸1启动
  58   2                              if(intervalTimerCount> 40)
  59   2                              {
  60   3                                      cylinderOut1 = 0;
  61   3                                      cylinder1 = 1;
  62   3                                      refreshDisplay = 1;
  63   3                                      cylinderAlarmCount = 0;
  64   3                                      ManiDispatchSteps ++;   
  65   3                              }
  66   2                      break;
  67   2                      case 3:  // 3，碰到2号感应器进入延迟 
  68   2                              if(sensor2 == 1)
  69   2                              {
  70   3                                      intervalTimerCount = 0;
  71   3                                      ManiDispatchSteps ++;   
  72   3                              }
  73   2                              else if(cylinderAlarmCount > cylinderAlarm1)
  74   2                              {
  75   3                                      alarmMode = 1;
  76   3                                      cylinder1 = 2;
  77   3                                      systemAlarmOut = 0;
  78   3                                      refreshDisplay = 1;
  79   3                              }
  80   2                      break;
  81   2                      case 4:  // 4，延迟intervalTimer1时间到，打料气缸2启动
  82   2                              if(intervalTimerCount> intervalTimer1)
  83   2                              {
  84   3                                      cylinderOut2 = 0;
  85   3                                      cylinder2 = 1;
  86   3                                      refreshDisplay = 1;
  87   3                                      cylinderAlarmCount = 0;
  88   3                                      ManiDispatchSteps ++;   
  89   3                              }
  90   2                      break;
  91   2                      case 5:  // 5，碰到4号感应器进入延迟
  92   2                              if(sensor4 == 1)
  93   2                              {
  94   3                                      intervalTimerCount = 0;
  95   3                                      ManiDispatchSteps ++;   
  96   3                              }
  97   2                              else if(cylinderAlarmCount > cylinderAlarm2)
  98   2                              {
  99   3                                      alarmMode = 1;
 100   3                                      cylinder2 = 2;
 101   3                                      systemAlarmOut = 0;
 102   3                                      refreshDisplay = 1;
 103   3                              }
 104   2                      break;
 105   2                      case 6: // 6，延迟intervalTimer2时间到，夹紧气缸3启动
 106   2                              if(intervalTimerCount > intervalTimer2)
 107   2                              {
 108   3                                      cylinderOut3 = 0;
 109   3                                      cylinder3 = 1;
 110   3                                      refreshDisplay = 1;
 111   3                                      cylinderAlarmCount = 0;
 112   3                                      ManiDispatchSteps ++;   
 113   3                              }
 114   2                      break;
 115   2                      case 7: // 7，碰到6号感应器进入延迟
 116   2                              if(sensor6 == 1)
C51 COMPILER V7.50   DISPATCH                                                              08/11/2014 20:56:26 PAGE 3   

 117   2                              {
 118   3                                      intervalTimerCount = 0;
 119   3                                      ManiDispatchSteps ++;   
 120   3                              }
 121   2                              else if(cylinderAlarmCount > cylinderAlarm3)
 122   2                              {
 123   3                                      alarmMode = 1;
 124   3                                      cylinder3 = 2;
 125   3                                      systemAlarmOut = 0;
 126   3                                      refreshDisplay = 1;
 127   3                              }
 128   2                      break;
 129   2                      case 8:  // 8，延迟intervalTimer3时间到，打料气缸2关闭
 130   2                              if(intervalTimerCount > intervalTimer3)
 131   2                              {
 132   3                                      cylinderOut2 = 1;
 133   3                                      cylinder2 = 0;
 134   3                                      refreshDisplay = 1;
 135   3                                      cylinderAlarmCount = 0;
 136   3                                      ManiDispatchSteps ++;   
 137   3                              }
 138   2                      break;
 139   2                      case 9: // 9，碰到3号感应器进入延迟
 140   2                              if(sensor3 == 1)
 141   2                              {
 142   3                                      intervalTimerCount = 0;
 143   3                                      ManiDispatchSteps ++;   
 144   3                              }
 145   2                              else if(cylinderAlarmCount > cylinderAlarm2)
 146   2                              {
 147   3                                      alarmMode = 1;
 148   3                                      cylinder2 = 2;
 149   3                                      systemAlarmOut = 0;
 150   3                                      refreshDisplay = 1;
 151   3                              }
 152   2                      break;
 153   2                      case 10:  // 10，延迟intervalTimer4时间到，送料气缸1关闭
 154   2                              if(intervalTimerCount > intervalTimer4)
 155   2                              {
 156   3                                      cylinderOut1 = 1;
 157   3                                      cylinder1 = 0;
 158   3                                      refreshDisplay = 1;
 159   3                                      cylinderAlarmCount = 0;
 160   3                                      ManiDispatchSteps ++;   
 161   3                              }
 162   2                      break;
 163   2                      case 11:  // 11，碰到1号感应器进入延迟
 164   2                              if(sensor1 == 1)
 165   2                              {
 166   3                                      intervalTimerCount = 0;
 167   3                                      ManiDispatchSteps ++;   
 168   3                              }
 169   2                              else if(cylinderAlarmCount > cylinderAlarm1)
 170   2                              {
 171   3                                      alarmMode = 1;
 172   3                                      cylinder1 = 2;
 173   3                                      systemAlarmOut = 0;
 174   3                                      refreshDisplay = 1;
 175   3                              }
 176   2                      break;
 177   2                      case 12: // 12，延迟intervalTimer5时间到，进刀气缸4启动
 178   2                              if(intervalTimerCount > intervalTimer5)
C51 COMPILER V7.50   DISPATCH                                                              08/11/2014 20:56:26 PAGE 4   

 179   2                              {
 180   3                                      cylinderOut4 = 0;
 181   3                                      cylinder4 = 1;
 182   3                                      refreshDisplay = 1;
 183   3                                      cylinderAlarmCount = 0;
 184   3                                      ManiDispatchSteps ++;   
 185   3                              }
 186   2                      break;
 187   2                      case 13: // 13，碰到8号感应器进入延迟
 188   2                              if(sensor8 == 1)
 189   2                              {
 190   3                                      intervalTimerCount = 0;
 191   3                                      ManiDispatchSteps ++;   
 192   3                              }
 193   2                              else if(cylinderAlarmCount > cylinderAlarm4)
 194   2                              {
 195   3                                      alarmMode = 1;
 196   3                                      cylinder4 = 2;
 197   3                                      systemAlarmOut = 0;
 198   3                                      refreshDisplay = 1;
 199   3                              }
 200   2                      break;
 201   2                      case 14:  // 14，延迟intervalTimer6时间到，进刀气缸4关闭
 202   2                              if(intervalTimerCount > intervalTimer6)
 203   2                              {
 204   3                                      cylinderOut4 = 1;
 205   3                                      cylinder4 = 0;
 206   3                                      refreshDisplay = 1;
 207   3                                      cylinderAlarmCount = 0;
 208   3                                      ManiDispatchSteps ++;   
 209   3                              }
 210   2                      break;
 211   2                      case 15: // 15，碰到7号感应器进入延迟
 212   2                              if(sensor7 == 1)
 213   2                              {
 214   3                                      intervalTimerCount = 0;
 215   3                                      ManiDispatchSteps ++;   
 216   3                              }
 217   2                              else if(cylinderAlarmCount > cylinderAlarm4)
 218   2                              {
 219   3                                      alarmMode = 1;
 220   3                                      cylinder4 = 2;
 221   3                                      systemAlarmOut = 0;
 222   3                                      refreshDisplay = 1;
 223   3                              }
 224   2                      break;
 225   2                      case 16: // 16，延迟intervalTimer7时间到，夹紧气缸3关闭
 226   2                              if(intervalTimerCount > intervalTimer7)
 227   2                              {
 228   3                                      cylinderOut3 = 1;
 229   3                                      cylinder3 = 0;
 230   3                                      refreshDisplay = 1;
 231   3                                      ManiDispatchSteps = 1;
 232   3                                      cylinderAlarmCount = 0;
 233   3                                      pieceCount ++;  
 234   3                              }
 235   2                      break;
 236   2              }
 237   1      }


MODULE INFORMATION:   STATIC OVERLAYABLE
C51 COMPILER V7.50   DISPATCH                                                              08/11/2014 20:56:26 PAGE 5   

   CODE SIZE        =    728    ----
   CONSTANT SIZE    =   ----    ----
   XDATA SIZE       =      5    ----
   PDATA SIZE       =   ----    ----
   DATA SIZE        =   ----    ----
   IDATA SIZE       =   ----    ----
   BIT SIZE         =   ----    ----
END OF MODULE INFORMATION.


C51 COMPILATION COMPLETE.  0 WARNING(S),  0 ERROR(S)
