C51 COMPILER V7.50   KEY                                                                   08/05/2014 22:36:11 PAGE 1   


C51 COMPILER V7.50, COMPILATION OF MODULE KEY
OBJECT MODULE PLACED IN .\output\key.obj
COMPILER INVOKED BY: C:\Keil\C51\BIN\C51.EXE source\key.c LARGE BROWSE INCDIR(.\include\) DEBUG OBJECTEXTEND PRINT(.\lis
                    -ting\key.lst) OBJECT(.\output\key.obj)

line level    source

   1          #include <reg52.h>
   2          #include <intrins.h>
   3          #include <parameter.h>
   4          #include <key.h>
   5          #include <dispatch.h>
   6          
   7          
   8          void Key_Scan(void);
   9          
  10          unsigned char Key_Scan_Steps = 0;               //0：初始状态 如果有按键按下则进入1
  11                                                                                          //1：延迟10ms
  12                                                                                          //2：如果按键确实按下则进入3
  13                                                                                          //3：确定按键
  14                                                                                          //4：如果按键释放则进入0
  15          
  16          void Key_Scan(void)
  17          {
  18   1              /*
  19   1              switch(Key_Scan_Steps)
  20   1              {
  21   1                      case 0:
  22   1                              if(KeyStart == 0 || KeyStop == 0 || KeyHydClam == 0)
  23   1                              {
  24   1                                      Key_Scan_Steps = 1;
  25   1                              }
  26   1                      break;
  27   1                      case 1:
  28   1                              if(KeyStart == 0 || KeyStop == 0 || KeyHydClam == 0)
  29   1                              {
  30   1                                      Key_Scan_Steps = 2;
  31   1                              }
  32   1                              else
  33   1                              {
  34   1                                      Key_Scan_Steps = 0;
  35   1                              }
  36   1                      break;
  37   1                      case 2:
  38   1                              if(KeyStart == 0)
  39   1                              {
  40   1                                      if(runMode)
  41   1                                      {
  42   1                                              powerMode = 1;
  43   1                                              ManiDispatchSteps = 0;
  44   1                                      }
  45   1                                      //cistern[7].cisternStatus = Ready;
  46   1                                      //displayFlag = 1;
  47   1                              }
  48   1                              if(KeyStop == 0)
  49   1                              {
  50   1                                      powerMode = 0;  
  51   1                              }
  52   1                              if(KeyHydClam == 0)
  53   1                              {
  54   1                                      //液压钳输出
C51 COMPILER V7.50   KEY                                                                   08/05/2014 22:36:11 PAGE 2   

  55   1                                      if(!runMode) //手动状态
  56   1                                      {
  57   1                                              
  58   1                                      }       
  59   1                              }
  60   1                              Key_Scan_Steps = 3;
  61   1                      break;
  62   1                      case 3:
  63   1                              if(KeyStart == 1 && KeyStop == 1 && KeyHydClam == 1)
  64   1                              {
  65   1                                      Key_Scan_Steps = 0;
  66   1                              }
  67   1                      break;
  68   1                      default:
  69   1                               _nop_();
  70   1              }
  71   1              */
  72   1      }


MODULE INFORMATION:   STATIC OVERLAYABLE
   CODE SIZE        =      1    ----
   CONSTANT SIZE    =   ----    ----
   XDATA SIZE       =      1    ----
   PDATA SIZE       =   ----    ----
   DATA SIZE        =   ----    ----
   IDATA SIZE       =   ----    ----
   BIT SIZE         =   ----    ----
END OF MODULE INFORMATION.


C51 COMPILATION COMPLETE.  0 WARNING(S),  0 ERROR(S)
