C51 COMPILER V7.50   PARAMETER                                                             08/09/2014 13:12:39 PAGE 1   


C51 COMPILER V7.50, COMPILATION OF MODULE PARAMETER
OBJECT MODULE PLACED IN .\output\parameter.obj
COMPILER INVOKED BY: C:\Keil\C51\BIN\C51.EXE source\parameter.c LARGE BROWSE INCDIR(.\include\) DEBUG OBJECTEXTEND PRINT
                    -(.\listing\parameter.lst) OBJECT(.\output\parameter.obj)

line level    source

   1          /***************************************************************************/
   2          // 程序：清洗设备控制器
   3          // 模块：参数
   4          // 文件：parameter.c
   5          // 作者：卜晓旸
   6          // 版本：V0.02
   7          // 日期：2013年11月8日
   8          // 功能：参数
   9          // 芯片：STC12C5A60S2
  10          // 编译：Keil uVision3 V3.90
  11          /***************************************************************************/
  12          
  13          #include <parameter.h>
  14          #include <eeprom.h>
  15          
  16          /***************************************************************************/
  17          // 参数定义     
  18          /***************************************************************************/
  19          unsigned char runMode; //运行模式       0：手动模式(停止)  1：自动模式(停止) 2：手动模式(启动) 3：自动模式(启动)
             -   返回数据0xEE
  20          unsigned char montorMode; //电机状态    0：电机停止   1：电机启动  返回数据0xEE
  21          unsigned char alarmMode; //报警状态     0：正常   1：报警
  22          unsigned char sensor1; //传感器1        0：无效  1：有效  2：错误
  23          unsigned char sensor2; //传感器2        0：无效  1：有效  2：错误
  24          unsigned char sensor3; //传感器3        0：无效  1：有效  2：错误
  25          unsigned char sensor4; //传感器4        0：无效  1：有效  2：错误
  26          unsigned char sensor5; //传感器5        0：无效  1：有效  2：错误
  27          unsigned char sensor6; //传感器6        0：无效  1：有效  2：错误
  28          unsigned char sensor7; //传感器7        0：无效  1：有效  2：错误
  29          unsigned char sensor8; //传感器8        0：无效  1：有效  2：错误
  30          unsigned char sensor9; //传感器9        0：无效  1：有效  2：错误
  31          unsigned char sensor10; //传感器10      0：无效  1：有效  2：错误
  32          
  33          unsigned char cylinder1; //气缸1        0：无效  1：有效  2：错误
  34          unsigned char cylinder2; //气缸2        0：无效  1：有效  2：错误
  35          unsigned char cylinder3; //气缸3        0：无效  1：有效  2：错误
  36          unsigned char cylinder4; //气缸4        0：无效  1：有效  2：错误
  37          unsigned char cylinder5; //气缸5        0：无效  1：有效  2：错误
  38          
  39          unsigned char intervalTimer1; //时间设置1       字(int) 最大9.9
  40          unsigned char intervalTimer2; //时间设置1       字(int) 最大9.9
  41          unsigned char intervalTimer3; //时间设置1       字(int) 最大9.9
  42          unsigned char intervalTimer4; //时间设置1       字(int) 最大9.9
  43          unsigned char intervalTimer5; //时间设置1       字(int) 最大9.9
  44          unsigned char intervalTimer6; //时间设置1       字(int) 最大9.9
  45          unsigned char intervalTimer7; //时间设置1       字(int) 最大9.9
  46          
  47          unsigned int cylinderAlarm1; //报警设置 气缸1   字(int)
  48          unsigned int cylinderAlarm2; //报警设置 气缸1   字(int)
  49          unsigned int cylinderAlarm3; //报警设置 气缸1   字(int)
  50          unsigned int cylinderAlarm4; //报警设置 气缸1   字(int)
  51          unsigned int cylinderAlarm5; //报警设置 气缸1   字(int)
  52          
  53          unsigned int pieceCount; //计件计数     字(int)
C51 COMPILER V7.50   PARAMETER                                                             08/09/2014 13:12:39 PAGE 2   

  54          
  55          unsigned char refreshDisplay; //刷新屏幕标志位 0 不刷新 1刷新
  56          
  57          /***************************************************************************/
  58          // 读取参数
  59          // 参数：无
  60          // 返回值：0失败 1成功  
  61          /***************************************************************************/
  62          unsigned char parameter_read()
  63          {
  64   1              unsigned char result = 1;
  65   1              return result;
  66   1      }
  67          
  68          /***************************************************************************/
  69          // 参数初始化函数
  70          // 参数：无
  71          // 返回值：无   
  72          /***************************************************************************/
  73          void parameter_init()
  74          {
  75   1              runMode = 1; //运行模式 0：手动模式(停止)  1：自动模式(停止) 2：手动模式(启动) 3：自动模式(启动)   返回数
             -据0xEE
  76   1              montorMode = 1; //电机状态      0：电机停止   1：电机启动  返回数据0xEE
  77   1              alarmMode = 0;
  78   1              sensor1 = 0; //传感器1  0：无效  1：有效  2：错误
  79   1              sensor2 = 0; //传感器2  0：无效  1：有效  2：错误
  80   1              sensor3 = 0; //传感器3  0：无效  1：有效  2：错误
  81   1              sensor4 = 0; //传感器4  0：无效  1：有效  2：错误
  82   1              sensor5 = 0; //传感器5  0：无效  1：有效  2：错误
  83   1              sensor6 = 0; //传感器6  0：无效  1：有效  2：错误
  84   1              sensor7 = 0; //传感器7  0：无效  1：有效  2：错误
  85   1              sensor8 = 0; //传感器8  0：无效  1：有效  2：错误
  86   1              sensor9 = 0; //传感器9  0：无效  1：有效  2：错误
  87   1              sensor10 = 0; //传感器10        0：无效  1：有效  2：错误
  88   1              
  89   1              cylinder1 = 0; //气缸1  0：无效  1：有效  2：错误
  90   1              cylinder2 = 0; //气缸2  0：无效  1：有效  2：错误
  91   1              cylinder3 = 0; //气缸3  0：无效  1：有效  2：错误
  92   1              cylinder4 = 0; //气缸4  0：无效  1：有效  2：错误
  93   1              cylinder5 = 0; //气缸5  0：无效  1：有效  2：错误
  94   1              
  95   1              intervalTimer1 = 0; //时间设置1 字(int) 最大9.9
  96   1              intervalTimer2 = 0; //时间设置1 字(int) 最大9.9
  97   1              intervalTimer3 = 0; //时间设置1 字(int) 最大9.9
  98   1              intervalTimer4 = 0; //时间设置1 字(int) 最大9.9
  99   1              intervalTimer5 = 0; //时间设置1 字(int) 最大9.9
 100   1              intervalTimer6 = 0; //时间设置1 字(int) 最大9.9
 101   1              intervalTimer7 = 0; //时间设置1 字(int) 最大9.9
 102   1              
 103   1              cylinderAlarm1 = 0; //报警设置 气缸1    字(int)
 104   1              cylinderAlarm2 = 0; //报警设置 气缸1    字(int)
 105   1              cylinderAlarm3 = 0; //报警设置 气缸1    字(int)
 106   1              cylinderAlarm4 = 0; //报警设置 气缸1    字(int)
 107   1              cylinderAlarm5 = 0; //报警设置 气缸1    字(int)
 108   1      
 109   1              pieceCount = 0;
 110   1      
 111   1              refreshDisplay = 1;
 112   1      }
 113          
 114          /***************************************************************************/
C51 COMPILER V7.50   PARAMETER                                                             08/09/2014 13:12:39 PAGE 3   

 115          // 参数保存到eeprom
 116          // 参数：无
 117          // 返回值：0失败 1成功  
 118          /***************************************************************************/
 119          unsigned char parameter_save()
 120          {
 121   1              unsigned char result = 1;
 122   1              return result;
 123   1      }
 124          
 125          


MODULE INFORMATION:   STATIC OVERLAYABLE
   CODE SIZE        =    107    ----
   CONSTANT SIZE    =   ----    ----
   XDATA SIZE       =     38    ----
   PDATA SIZE       =   ----    ----
   DATA SIZE        =   ----    ----
   IDATA SIZE       =   ----    ----
   BIT SIZE         =   ----    ----
END OF MODULE INFORMATION.


C51 COMPILATION COMPLETE.  0 WARNING(S),  0 ERROR(S)
